// Jest Snapshot v1, https://goo.gl/fbAQLP

exports[`Test snapshot Test Participant 1`] = `
<div
  className="participant"
>
  <h3 />
  <video
    autoPlay={true}
  />
  <audio
    autoPlay={true}
  />
</div>
`;
